From https://github.com/devgoswami2001/ch
 * branch            main       -> FETCH_HEAD
Already up to date.
[main 3745672] Auto Backup 2026-07-12 12:00:01
 Committer: Ubuntu <ubuntu@ip-172-31-37-208.ap-south-1.compute.internal>
Your name and email address were configured automatically based
on your username and hostname. Please check that they are accurate.
You can suppress this message by setting them explicitly:

    git config --global user.name "Your Name"
    git config --global user.email you@example.com

After doing this, you may fix the identity used for this commit with:

    git commit --amend --reset-author

 1 file changed, 3 insertions(+)
 create mode 100644 git_auto.log
To https://github.com/devgoswami2001/ch.git
   213e588..3745672  main -> main
From https://github.com/devgoswami2001/ch
 * branch            main       -> FETCH_HEAD
Already up to date.
[main dfa839f] Auto Backup 2026-07-13 00:00:03
 Committer: Ubuntu <ubuntu@ip-172-31-37-208.ap-south-1.compute.internal>
Your name and email address were configured automatically based
on your username and hostname. Please check that they are accurate.
You can suppress this message by setting them explicitly:

    git config --global user.name "Your Name"
    git config --global user.email you@example.com

After doing this, you may fix the identity used for this commit with:

    git commit --amend --reset-author

 1 file changed, 20 insertions(+)
To https://github.com/devgoswami2001/ch.git
   3745672..dfa839f  main -> main
From https://github.com/devgoswami2001/ch
 * branch            main       -> FETCH_HEAD
Already up to date.
[main 3668869] Auto Backup 2026-07-13 12:00:03
 Committer: Ubuntu <ubuntu@ip-172-31-37-208.ap-south-1.compute.internal>
Your name and email address were configured automatically based
on your username and hostname. Please check that they are accurate.
You can suppress this message by setting them explicitly:

    git config --global user.name "Your Name"
    git config --global user.email you@example.com

After doing this, you may fix the identity used for this commit with:

    git commit --amend --reset-author

 1 file changed, 19 insertions(+)
To https://github.com/devgoswami2001/ch.git
   dfa839f..3668869  main -> main
From https://github.com/devgoswami2001/ch
 * branch            main       -> FETCH_HEAD
Already up to date.
[main 589141c] Auto Backup 2026-07-14 00:00:03
 Committer: Ubuntu <ubuntu@ip-172-31-37-208.ap-south-1.compute.internal>
Your name and email address were configured automatically based
on your username and hostname. Please check that they are accurate.
You can suppress this message by setting them explicitly:

    git config --global user.name "Your Name"
    git config --global user.email you@example.com

After doing this, you may fix the identity used for this commit with:

    git commit --amend --reset-author

 1 file changed, 19 insertions(+)
To https://github.com/devgoswami2001/ch.git
   3668869..589141c  main -> main
From https://github.com/devgoswami2001/ch
 * branch            main       -> FETCH_HEAD
Already up to date.
[main 467fff1] Auto Backup 2026-07-14 12:00:03
 Committer: Ubuntu <ubuntu@ip-172-31-37-208.ap-south-1.compute.internal>
Your name and email address were configured automatically based
on your username and hostname. Please check that they are accurate.
You can suppress this message by setting them explicitly:

    git config --global user.name "Your Name"
    git config --global user.email you@example.com

After doing this, you may fix the identity used for this commit with:

    git commit --amend --reset-author

 1 file changed, 19 insertions(+)
To https://github.com/devgoswami2001/ch.git
   589141c..467fff1  main -> main
From https://github.com/devgoswami2001/ch
 * branch            main       -> FETCH_HEAD
Already up to date.
[main c8ec113] Auto Backup 2026-07-15 00:00:03
 Committer: Ubuntu <ubuntu@ip-172-31-37-208.ap-south-1.compute.internal>
Your name and email address were configured automatically based
on your username and hostname. Please check that they are accurate.
You can suppress this message by setting them explicitly:

    git config --global user.name "Your Name"
    git config --global user.email you@example.com

After doing this, you may fix the identity used for this commit with:

    git commit --amend --reset-author

 1 file changed, 19 insertions(+)
To https://github.com/devgoswami2001/ch.git
   467fff1..c8ec113  main -> main
From https://github.com/devgoswami2001/ch
 * branch            main       -> FETCH_HEAD
Already up to date.
[main baf8846] Auto Backup 2026-07-15 12:00:02
 Committer: Ubuntu <ubuntu@ip-172-31-37-208.ap-south-1.compute.internal>
Your name and email address were configured automatically based
on your username and hostname. Please check that they are accurate.
You can suppress this message by setting them explicitly:

    git config --global user.name "Your Name"
    git config --global user.email you@example.com

After doing this, you may fix the identity used for this commit with:

    git commit --amend --reset-author

 1 file changed, 19 insertions(+)
To https://github.com/devgoswami2001/ch.git
   c8ec113..baf8846  main -> main
From https://github.com/devgoswami2001/ch
 * branch            main       -> FETCH_HEAD
Already up to date.
[main d545493] Auto Backup 2026-07-16 00:00:03
 Committer: Ubuntu <ubuntu@ip-172-31-37-208.ap-south-1.compute.internal>
Your name and email address were configured automatically based
on your username and hostname. Please check that they are accurate.
You can suppress this message by setting them explicitly:

    git config --global user.name "Your Name"
    git config --global user.email you@example.com

After doing this, you may fix the identity used for this commit with:

    git commit --amend --reset-author

 1 file changed, 19 insertions(+)
To https://github.com/devgoswami2001/ch.git
   baf8846..d545493  main -> main
From https://github.com/devgoswami2001/ch
 * branch            main       -> FETCH_HEAD
Already up to date.
[main e4a9525] Auto Backup 2026-07-16 12:00:02
 Committer: Ubuntu <ubuntu@ip-172-31-37-208.ap-south-1.compute.internal>
Your name and email address were configured automatically based
on your username and hostname. Please check that they are accurate.
You can suppress this message by setting them explicitly:

    git config --global user.name "Your Name"
    git config --global user.email you@example.com

After doing this, you may fix the identity used for this commit with:

    git commit --amend --reset-author

 1 file changed, 19 insertions(+)
To https://github.com/devgoswami2001/ch.git
   d545493..e4a9525  main -> main
From https://github.com/devgoswami2001/ch
 * branch            main       -> FETCH_HEAD
Already up to date.
[main 257ec12] Auto Backup 2026-07-17 00:00:02
 Committer: Ubuntu <ubuntu@ip-172-31-37-208.ap-south-1.compute.internal>
Your name and email address were configured automatically based
on your username and hostname. Please check that they are accurate.
You can suppress this message by setting them explicitly:

    git config --global user.name "Your Name"
    git config --global user.email you@example.com

After doing this, you may fix the identity used for this commit with:

    git commit --amend --reset-author

 1 file changed, 19 insertions(+)
To https://github.com/devgoswami2001/ch.git
   e4a9525..257ec12  main -> main
From https://github.com/devgoswami2001/ch
 * branch            main       -> FETCH_HEAD
Already up to date.
[main 96dc60a] Auto Backup 2026-07-17 12:00:03
 Committer: Ubuntu <ubuntu@ip-172-31-37-208.ap-south-1.compute.internal>
Your name and email address were configured automatically based
on your username and hostname. Please check that they are accurate.
You can suppress this message by setting them explicitly:

    git config --global user.name "Your Name"
    git config --global user.email you@example.com

After doing this, you may fix the identity used for this commit with:

    git commit --amend --reset-author

 1 file changed, 19 insertions(+)
To https://github.com/devgoswami2001/ch.git
   257ec12..96dc60a  main -> main
From https://github.com/devgoswami2001/ch
 * branch            main       -> FETCH_HEAD
Already up to date.
[main db0e963] Auto Backup 2026-07-18 00:00:02
 Committer: Ubuntu <ubuntu@ip-172-31-37-208.ap-south-1.compute.internal>
Your name and email address were configured automatically based
on your username and hostname. Please check that they are accurate.
You can suppress this message by setting them explicitly:

    git config --global user.name "Your Name"
    git config --global user.email you@example.com

After doing this, you may fix the identity used for this commit with:

    git commit --amend --reset-author

 1 file changed, 19 insertions(+)
To https://github.com/devgoswami2001/ch.git
   96dc60a..db0e963  main -> main
From https://github.com/devgoswami2001/ch
 * branch            main       -> FETCH_HEAD
Already up to date.
[main 84fac75] Auto Backup 2026-07-18 12:00:02
 Committer: Ubuntu <ubuntu@ip-172-31-37-208.ap-south-1.compute.internal>
Your name and email address were configured automatically based
on your username and hostname. Please check that they are accurate.
You can suppress this message by setting them explicitly:

    git config --global user.name "Your Name"
    git config --global user.email you@example.com

After doing this, you may fix the identity used for this commit with:

    git commit --amend --reset-author

 1 file changed, 19 insertions(+)
To https://github.com/devgoswami2001/ch.git
   db0e963..84fac75  main -> main
From https://github.com/devgoswami2001/ch
 * branch            main       -> FETCH_HEAD
Already up to date.
[main 263e7f7] Auto Backup 2026-07-19 00:00:02
 Committer: Ubuntu <ubuntu@ip-172-31-37-208.ap-south-1.compute.internal>
Your name and email address were configured automatically based
on your username and hostname. Please check that they are accurate.
You can suppress this message by setting them explicitly:

    git config --global user.name "Your Name"
    git config --global user.email you@example.com

After doing this, you may fix the identity used for this commit with:

    git commit --amend --reset-author

 1 file changed, 19 insertions(+)
To https://github.com/devgoswami2001/ch.git
   84fac75..263e7f7  main -> main
From https://github.com/devgoswami2001/ch
 * branch            main       -> FETCH_HEAD
Already up to date.
[main 8db6d26] Auto Backup 2026-07-19 12:00:01
 Committer: Ubuntu <ubuntu@ip-172-31-37-208.ap-south-1.compute.internal>
Your name and email address were configured automatically based
on your username and hostname. Please check that they are accurate.
You can suppress this message by setting them explicitly:

    git config --global user.name "Your Name"
    git config --global user.email you@example.com

After doing this, you may fix the identity used for this commit with:

    git commit --amend --reset-author

 1 file changed, 19 insertions(+)
To https://github.com/devgoswami2001/ch.git
   263e7f7..8db6d26  main -> main
From https://github.com/devgoswami2001/ch
 * branch            main       -> FETCH_HEAD
Already up to date.
[main 489e40a] Auto Backup 2026-07-20 00:00:02
 Committer: Ubuntu <ubuntu@ip-172-31-37-208.ap-south-1.compute.internal>
Your name and email address were configured automatically based
on your username and hostname. Please check that they are accurate.
You can suppress this message by setting them explicitly:

    git config --global user.name "Your Name"
    git config --global user.email you@example.com

After doing this, you may fix the identity used for this commit with:

    git commit --amend --reset-author

 1 file changed, 19 insertions(+)
To https://github.com/devgoswami2001/ch.git
   8db6d26..489e40a  main -> main
From https://github.com/devgoswami2001/ch
 * branch            main       -> FETCH_HEAD
Already up to date.
[main d657bb2] Auto Backup 2026-07-20 12:00:02
 Committer: Ubuntu <ubuntu@ip-172-31-37-208.ap-south-1.compute.internal>
Your name and email address were configured automatically based
on your username and hostname. Please check that they are accurate.
You can suppress this message by setting them explicitly:

    git config --global user.name "Your Name"
    git config --global user.email you@example.com

After doing this, you may fix the identity used for this commit with:

    git commit --amend --reset-author

 1 file changed, 19 insertions(+)
To https://github.com/devgoswami2001/ch.git
   489e40a..d657bb2  main -> main
From https://github.com/devgoswami2001/ch
 * branch            main       -> FETCH_HEAD
Already up to date.
[main ed5189e] Auto Backup 2026-07-21 00:00:02
 Committer: Ubuntu <ubuntu@ip-172-31-37-208.ap-south-1.compute.internal>
Your name and email address were configured automatically based
on your username and hostname. Please check that they are accurate.
You can suppress this message by setting them explicitly:

    git config --global user.name "Your Name"
    git config --global user.email you@example.com

After doing this, you may fix the identity used for this commit with:

    git commit --amend --reset-author

 1 file changed, 19 insertions(+)
To https://github.com/devgoswami2001/ch.git
   d657bb2..ed5189e  main -> main
From https://github.com/devgoswami2001/ch
 * branch            main       -> FETCH_HEAD
Already up to date.
[main afd24f5] Auto Backup 2026-07-21 12:00:02
 Committer: Ubuntu <ubuntu@ip-172-31-37-208.ap-south-1.compute.internal>
Your name and email address were configured automatically based
on your username and hostname. Please check that they are accurate.
You can suppress this message by setting them explicitly:

    git config --global user.name "Your Name"
    git config --global user.email you@example.com

After doing this, you may fix the identity used for this commit with:

    git commit --amend --reset-author

 1 file changed, 19 insertions(+)
To https://github.com/devgoswami2001/ch.git
   ed5189e..afd24f5  main -> main
From https://github.com/devgoswami2001/ch
 * branch            main       -> FETCH_HEAD
Already up to date.
[main 8b8425d] Auto Backup 2026-07-22 00:00:02
 Committer: Ubuntu <ubuntu@ip-172-31-37-208.ap-south-1.compute.internal>
Your name and email address were configured automatically based
on your username and hostname. Please check that they are accurate.
You can suppress this message by setting them explicitly:

    git config --global user.name "Your Name"
    git config --global user.email you@example.com

After doing this, you may fix the identity used for this commit with:

    git commit --amend --reset-author

 1 file changed, 19 insertions(+)
To https://github.com/devgoswami2001/ch.git
   afd24f5..8b8425d  main -> main
From https://github.com/devgoswami2001/ch
 * branch            main       -> FETCH_HEAD
Already up to date.
[main 7c9739c] Auto Backup 2026-07-22 12:00:02
 Committer: Ubuntu <ubuntu@ip-172-31-37-208.ap-south-1.compute.internal>
Your name and email address were configured automatically based
on your username and hostname. Please check that they are accurate.
You can suppress this message by setting them explicitly:

    git config --global user.name "Your Name"
    git config --global user.email you@example.com

After doing this, you may fix the identity used for this commit with:

    git commit --amend --reset-author

 1 file changed, 19 insertions(+)
To https://github.com/devgoswami2001/ch.git
   8b8425d..7c9739c  main -> main
From https://github.com/devgoswami2001/ch
 * branch            main       -> FETCH_HEAD
Already up to date.
[main 369cdbd] Auto Backup 2026-07-23 00:00:03
 Committer: Ubuntu <ubuntu@ip-172-31-37-208.ap-south-1.compute.internal>
Your name and email address were configured automatically based
on your username and hostname. Please check that they are accurate.
You can suppress this message by setting them explicitly:

    git config --global user.name "Your Name"
    git config --global user.email you@example.com

After doing this, you may fix the identity used for this commit with:

    git commit --amend --reset-author

 2 files changed, 19 insertions(+)
To https://github.com/devgoswami2001/ch.git
   7c9739c..369cdbd  main -> main
From https://github.com/devgoswami2001/ch
 * branch            main       -> FETCH_HEAD
Already up to date.
[main c089697] Auto Backup 2026-07-23 12:00:02
 Committer: Ubuntu <ubuntu@ip-172-31-37-208.ap-south-1.compute.internal>
Your name and email address were configured automatically based
on your username and hostname. Please check that they are accurate.
You can suppress this message by setting them explicitly:

    git config --global user.name "Your Name"
    git config --global user.email you@example.com

After doing this, you may fix the identity used for this commit with:

    git commit --amend --reset-author

 2 files changed, 19 insertions(+)
To https://github.com/devgoswami2001/ch.git
   369cdbd..c089697  main -> main
From https://github.com/devgoswami2001/ch
 * branch            main       -> FETCH_HEAD
Already up to date.
[main 1900f9c] Auto Backup 2026-07-24 00:00:02
 Committer: Ubuntu <ubuntu@ip-172-31-37-208.ap-south-1.compute.internal>
Your name and email address were configured automatically based
on your username and hostname. Please check that they are accurate.
You can suppress this message by setting them explicitly:

    git config --global user.name "Your Name"
    git config --global user.email you@example.com

After doing this, you may fix the identity used for this commit with:

    git commit --amend --reset-author

 1 file changed, 19 insertions(+)
To https://github.com/devgoswami2001/ch.git
   c089697..1900f9c  main -> main
From https://github.com/devgoswami2001/ch
 * branch            main       -> FETCH_HEAD
Already up to date.
[main 156598e] Auto Backup 2026-07-24 12:00:02
 Committer: Ubuntu <ubuntu@ip-172-31-37-208.ap-south-1.compute.internal>
Your name and email address were configured automatically based
on your username and hostname. Please check that they are accurate.
You can suppress this message by setting them explicitly:

    git config --global user.name "Your Name"
    git config --global user.email you@example.com

After doing this, you may fix the identity used for this commit with:

    git commit --amend --reset-author

 2 files changed, 19 insertions(+)
To https://github.com/devgoswami2001/ch.git
   1900f9c..156598e  main -> main
From https://github.com/devgoswami2001/ch
 * branch            main       -> FETCH_HEAD
Already up to date.
[main 671afcb] Auto Backup 2026-07-25 00:00:02
 Committer: Ubuntu <ubuntu@ip-172-31-37-208.ap-south-1.compute.internal>
Your name and email address were configured automatically based
on your username and hostname. Please check that they are accurate.
You can suppress this message by setting them explicitly:

    git config --global user.name "Your Name"
    git config --global user.email you@example.com

After doing this, you may fix the identity used for this commit with:

    git commit --amend --reset-author

 1 file changed, 19 insertions(+)
To https://github.com/devgoswami2001/ch.git
   156598e..671afcb  main -> main
From https://github.com/devgoswami2001/ch
 * branch            main       -> FETCH_HEAD
Already up to date.
[main 81b4440] Auto Backup 2026-07-25 12:00:03
 Committer: Ubuntu <ubuntu@ip-172-31-37-208.ap-south-1.compute.internal>
Your name and email address were configured automatically based
on your username and hostname. Please check that they are accurate.
You can suppress this message by setting them explicitly:

    git config --global user.name "Your Name"
    git config --global user.email you@example.com

After doing this, you may fix the identity used for this commit with:

    git commit --amend --reset-author

 1 file changed, 19 insertions(+)
To https://github.com/devgoswami2001/ch.git
   671afcb..81b4440  main -> main
From https://github.com/devgoswami2001/ch
 * branch            main       -> FETCH_HEAD
Already up to date.
[main a64d75d] Auto Backup 2026-07-26 00:00:02
 Committer: Ubuntu <ubuntu@ip-172-31-37-208.ap-south-1.compute.internal>
Your name and email address were configured automatically based
on your username and hostname. Please check that they are accurate.
You can suppress this message by setting them explicitly:

    git config --global user.name "Your Name"
    git config --global user.email you@example.com

After doing this, you may fix the identity used for this commit with:

    git commit --amend --reset-author

 1 file changed, 19 insertions(+)
To https://github.com/devgoswami2001/ch.git
   81b4440..a64d75d  main -> main
From https://github.com/devgoswami2001/ch
 * branch            main       -> FETCH_HEAD
Already up to date.
[main 1119c45] Auto Backup 2026-07-26 12:00:02
 Committer: Ubuntu <ubuntu@ip-172-31-37-208.ap-south-1.compute.internal>
Your name and email address were configured automatically based
on your username and hostname. Please check that they are accurate.
You can suppress this message by setting them explicitly:

    git config --global user.name "Your Name"
    git config --global user.email you@example.com

After doing this, you may fix the identity used for this commit with:

    git commit --amend --reset-author

 1 file changed, 19 insertions(+)
To https://github.com/devgoswami2001/ch.git
   a64d75d..1119c45  main -> main
From https://github.com/devgoswami2001/ch
 * branch            main       -> FETCH_HEAD
Already up to date.
[main 4e8e17c] Auto Backup 2026-07-27 00:00:02
 Committer: Ubuntu <ubuntu@ip-172-31-37-208.ap-south-1.compute.internal>
Your name and email address were configured automatically based
on your username and hostname. Please check that they are accurate.
You can suppress this message by setting them explicitly:

    git config --global user.name "Your Name"
    git config --global user.email you@example.com

After doing this, you may fix the identity used for this commit with:

    git commit --amend --reset-author

 1 file changed, 19 insertions(+)
To https://github.com/devgoswami2001/ch.git
   1119c45..4e8e17c  main -> main
From https://github.com/devgoswami2001/ch
 * branch            main       -> FETCH_HEAD
Already up to date.
[main 7c97afb] Auto Backup 2026-07-27 12:00:02
 Committer: Ubuntu <ubuntu@ip-172-31-37-208.ap-south-1.compute.internal>
Your name and email address were configured automatically based
on your username and hostname. Please check that they are accurate.
You can suppress this message by setting them explicitly:

    git config --global user.name "Your Name"
    git config --global user.email you@example.com

After doing this, you may fix the identity used for this commit with:

    git commit --amend --reset-author

 1 file changed, 19 insertions(+)
To https://github.com/devgoswami2001/ch.git
   4e8e17c..7c97afb  main -> main
From https://github.com/devgoswami2001/ch
 * branch            main       -> FETCH_HEAD
Already up to date.
[main 4c41ac9] Auto Backup 2026-07-28 00:00:02
 Committer: Ubuntu <ubuntu@ip-172-31-37-208.ap-south-1.compute.internal>
Your name and email address were configured automatically based
on your username and hostname. Please check that they are accurate.
You can suppress this message by setting them explicitly:

    git config --global user.name "Your Name"
    git config --global user.email you@example.com

After doing this, you may fix the identity used for this commit with:

    git commit --amend --reset-author

 1 file changed, 19 insertions(+)
To https://github.com/devgoswami2001/ch.git
   7c97afb..4c41ac9  main -> main
From https://github.com/devgoswami2001/ch
 * branch            main       -> FETCH_HEAD
Already up to date.
[main 314fd38] Auto Backup 2026-07-28 12:00:02
 Committer: Ubuntu <ubuntu@ip-172-31-37-208.ap-south-1.compute.internal>
Your name and email address were configured automatically based
on your username and hostname. Please check that they are accurate.
You can suppress this message by setting them explicitly:

    git config --global user.name "Your Name"
    git config --global user.email you@example.com

After doing this, you may fix the identity used for this commit with:

    git commit --amend --reset-author

 1 file changed, 19 insertions(+)
To https://github.com/devgoswami2001/ch.git
   4c41ac9..314fd38  main -> main
From https://github.com/devgoswami2001/ch
 * branch            main       -> FETCH_HEAD
Already up to date.
[main e5575bd] Auto Backup 2026-07-29 00:00:02
 Committer: Ubuntu <ubuntu@ip-172-31-37-208.ap-south-1.compute.internal>
Your name and email address were configured automatically based
on your username and hostname. Please check that they are accurate.
You can suppress this message by setting them explicitly:

    git config --global user.name "Your Name"
    git config --global user.email you@example.com

After doing this, you may fix the identity used for this commit with:

    git commit --amend --reset-author

 1 file changed, 19 insertions(+)
To https://github.com/devgoswami2001/ch.git
   314fd38..e5575bd  main -> main
From https://github.com/devgoswami2001/ch
 * branch            main       -> FETCH_HEAD
Already up to date.
[main fae0f95] Auto Backup 2026-07-29 12:00:02
 Committer: Ubuntu <ubuntu@ip-172-31-37-208.ap-south-1.compute.internal>
Your name and email address were configured automatically based
on your username and hostname. Please check that they are accurate.
You can suppress this message by setting them explicitly:

    git config --global user.name "Your Name"
    git config --global user.email you@example.com

After doing this, you may fix the identity used for this commit with:

    git commit --amend --reset-author

 2 files changed, 19 insertions(+)
To https://github.com/devgoswami2001/ch.git
   e5575bd..fae0f95  main -> main
From https://github.com/devgoswami2001/ch
 * branch            main       -> FETCH_HEAD
Already up to date.
[main bc65123] Auto Backup 2026-07-30 00:00:02
 Committer: Ubuntu <ubuntu@ip-172-31-37-208.ap-south-1.compute.internal>
Your name and email address were configured automatically based
on your username and hostname. Please check that they are accurate.
You can suppress this message by setting them explicitly:

    git config --global user.name "Your Name"
    git config --global user.email you@example.com

After doing this, you may fix the identity used for this commit with:

    git commit --amend --reset-author

 1 file changed, 19 insertions(+)
To https://github.com/devgoswami2001/ch.git
   fae0f95..bc65123  main -> main
From https://github.com/devgoswami2001/ch
 * branch            main       -> FETCH_HEAD
Already up to date.
[main 7031b87] Auto Backup 2026-07-30 12:00:02
 Committer: Ubuntu <ubuntu@ip-172-31-37-208.ap-south-1.compute.internal>
Your name and email address were configured automatically based
on your username and hostname. Please check that they are accurate.
You can suppress this message by setting them explicitly:

    git config --global user.name "Your Name"
    git config --global user.email you@example.com

After doing this, you may fix the identity used for this commit with:

    git commit --amend --reset-author

 1 file changed, 19 insertions(+)
To https://github.com/devgoswami2001/ch.git
   bc65123..7031b87  main -> main
From https://github.com/devgoswami2001/ch
 * branch            main       -> FETCH_HEAD
Already up to date.
[main b0c8074] Auto Backup 2026-07-31 00:00:03
 Committer: Ubuntu <ubuntu@ip-172-31-37-208.ap-south-1.compute.internal>
Your name and email address were configured automatically based
on your username and hostname. Please check that they are accurate.
You can suppress this message by setting them explicitly:

    git config --global user.name "Your Name"
    git config --global user.email you@example.com

After doing this, you may fix the identity used for this commit with:

    git commit --amend --reset-author

 1 file changed, 19 insertions(+)
To https://github.com/devgoswami2001/ch.git
   7031b87..b0c8074  main -> main
From https://github.com/devgoswami2001/ch
 * branch            main       -> FETCH_HEAD
Already up to date.
[main 6d6804e] Auto Backup 2026-07-31 12:00:02
 Committer: Ubuntu <ubuntu@ip-172-31-37-208.ap-south-1.compute.internal>
Your name and email address were configured automatically based
on your username and hostname. Please check that they are accurate.
You can suppress this message by setting them explicitly:

    git config --global user.name "Your Name"
    git config --global user.email you@example.com

After doing this, you may fix the identity used for this commit with:

    git commit --amend --reset-author

 1 file changed, 19 insertions(+)
To https://github.com/devgoswami2001/ch.git
   b0c8074..6d6804e  main -> main
From https://github.com/devgoswami2001/ch
 * branch            main       -> FETCH_HEAD
Already up to date.
[main 077c5db] Auto Backup 2026-08-01 00:00:02
 Committer: Ubuntu <ubuntu@ip-172-31-37-208.ap-south-1.compute.internal>
Your name and email address were configured automatically based
on your username and hostname. Please check that they are accurate.
You can suppress this message by setting them explicitly:

    git config --global user.name "Your Name"
    git config --global user.email you@example.com

After doing this, you may fix the identity used for this commit with:

    git commit --amend --reset-author

 2 files changed, 19 insertions(+)
To https://github.com/devgoswami2001/ch.git
   6d6804e..077c5db  main -> main
From https://github.com/devgoswami2001/ch
 * branch            main       -> FETCH_HEAD
Already up to date.
[main d45010f] Auto Backup 2026-08-01 12:00:02
 Committer: Ubuntu <ubuntu@ip-172-31-37-208.ap-south-1.compute.internal>
Your name and email address were configured automatically based
on your username and hostname. Please check that they are accurate.
You can suppress this message by setting them explicitly:

    git config --global user.name "Your Name"
    git config --global user.email you@example.com

After doing this, you may fix the identity used for this commit with:

    git commit --amend --reset-author

 1 file changed, 19 insertions(+)
To https://github.com/devgoswami2001/ch.git
   077c5db..d45010f  main -> main
From https://github.com/devgoswami2001/ch
 * branch            main       -> FETCH_HEAD
Already up to date.
[main 9af0470] Auto Backup 2026-08-02 00:00:02
 Committer: Ubuntu <ubuntu@ip-172-31-37-208.ap-south-1.compute.internal>
Your name and email address were configured automatically based
on your username and hostname. Please check that they are accurate.
You can suppress this message by setting them explicitly:

    git config --global user.name "Your Name"
    git config --global user.email you@example.com

After doing this, you may fix the identity used for this commit with:

    git commit --amend --reset-author

 1 file changed, 19 insertions(+)
To https://github.com/devgoswami2001/ch.git
   d45010f..9af0470  main -> main
From https://github.com/devgoswami2001/ch
 * branch            main       -> FETCH_HEAD
Already up to date.
[main c00ce39] Auto Backup 2026-08-02 12:00:02
 Committer: Ubuntu <ubuntu@ip-172-31-37-208.ap-south-1.compute.internal>
Your name and email address were configured automatically based
on your username and hostname. Please check that they are accurate.
You can suppress this message by setting them explicitly:

    git config --global user.name "Your Name"
    git config --global user.email you@example.com

After doing this, you may fix the identity used for this commit with:

    git commit --amend --reset-author

 1 file changed, 19 insertions(+)
To https://github.com/devgoswami2001/ch.git
   9af0470..c00ce39  main -> main
From https://github.com/devgoswami2001/ch
 * branch            main       -> FETCH_HEAD
Already up to date.
[main 6d25f76] Auto Backup 2026-08-03 00:00:02
 Committer: Ubuntu <ubuntu@ip-172-31-37-208.ap-south-1.compute.internal>
Your name and email address were configured automatically based
on your username and hostname. Please check that they are accurate.
You can suppress this message by setting them explicitly:

    git config --global user.name "Your Name"
    git config --global user.email you@example.com

After doing this, you may fix the identity used for this commit with:

    git commit --amend --reset-author

 1 file changed, 19 insertions(+)
To https://github.com/devgoswami2001/ch.git
   c00ce39..6d25f76  main -> main
From https://github.com/devgoswami2001/ch
 * branch            main       -> FETCH_HEAD
Already up to date.
[main 21c7c56] Auto Backup 2026-08-03 12:00:02
 Committer: Ubuntu <ubuntu@ip-172-31-37-208.ap-south-1.compute.internal>
Your name and email address were configured automatically based
on your username and hostname. Please check that they are accurate.
You can suppress this message by setting them explicitly:

    git config --global user.name "Your Name"
    git config --global user.email you@example.com

After doing this, you may fix the identity used for this commit with:

    git commit --amend --reset-author

 1 file changed, 19 insertions(+)
To https://github.com/devgoswami2001/ch.git
   6d25f76..21c7c56  main -> main
From https://github.com/devgoswami2001/ch
 * branch            main       -> FETCH_HEAD
Already up to date.
[main 4b11253] Auto Backup 2026-08-04 00:00:02
 Committer: Ubuntu <ubuntu@ip-172-31-37-208.ap-south-1.compute.internal>
Your name and email address were configured automatically based
on your username and hostname. Please check that they are accurate.
You can suppress this message by setting them explicitly:

    git config --global user.name "Your Name"
    git config --global user.email you@example.com

After doing this, you may fix the identity used for this commit with:

    git commit --amend --reset-author

 1 file changed, 19 insertions(+)
To https://github.com/devgoswami2001/ch.git
   21c7c56..4b11253  main -> main
From https://github.com/devgoswami2001/ch
 * branch            main       -> FETCH_HEAD
Already up to date.
[main 9c160bd] Auto Backup 2026-08-04 12:00:02
 Committer: Ubuntu <ubuntu@ip-172-31-37-208.ap-south-1.compute.internal>
Your name and email address were configured automatically based
on your username and hostname. Please check that they are accurate.
You can suppress this message by setting them explicitly:

    git config --global user.name "Your Name"
    git config --global user.email you@example.com

After doing this, you may fix the identity used for this commit with:

    git commit --amend --reset-author

 1 file changed, 19 insertions(+)
To https://github.com/devgoswami2001/ch.git
   4b11253..9c160bd  main -> main
From https://github.com/devgoswami2001/ch
 * branch            main       -> FETCH_HEAD
Already up to date.
[main 5ee3ce1] Auto Backup 2026-08-05 00:00:02
 Committer: Ubuntu <ubuntu@ip-172-31-37-208.ap-south-1.compute.internal>
Your name and email address were configured automatically based
on your username and hostname. Please check that they are accurate.
You can suppress this message by setting them explicitly:

    git config --global user.name "Your Name"
    git config --global user.email you@example.com

After doing this, you may fix the identity used for this commit with:

    git commit --amend --reset-author

 1 file changed, 19 insertions(+)
To https://github.com/devgoswami2001/ch.git
   9c160bd..5ee3ce1  main -> main
From https://github.com/devgoswami2001/ch
 * branch            main       -> FETCH_HEAD
Already up to date.
[main 677b3a7] Auto Backup 2026-08-05 12:00:02
 Committer: Ubuntu <ubuntu@ip-172-31-37-208.ap-south-1.compute.internal>
Your name and email address were configured automatically based
on your username and hostname. Please check that they are accurate.
You can suppress this message by setting them explicitly:

    git config --global user.name "Your Name"
    git config --global user.email you@example.com

After doing this, you may fix the identity used for this commit with:

    git commit --amend --reset-author

 1 file changed, 19 insertions(+)
To https://github.com/devgoswami2001/ch.git
   5ee3ce1..677b3a7  main -> main
From https://github.com/devgoswami2001/ch
 * branch            main       -> FETCH_HEAD
Already up to date.
[main bd752f6] Auto Backup 2026-08-06 00:00:02
 Committer: Ubuntu <ubuntu@ip-172-31-37-208.ap-south-1.compute.internal>
Your name and email address were configured automatically based
on your username and hostname. Please check that they are accurate.
You can suppress this message by setting them explicitly:

    git config --global user.name "Your Name"
    git config --global user.email you@example.com

After doing this, you may fix the identity used for this commit with:

    git commit --amend --reset-author

 1 file changed, 19 insertions(+)
To https://github.com/devgoswami2001/ch.git
   677b3a7..bd752f6  main -> main
From https://github.com/devgoswami2001/ch
 * branch            main       -> FETCH_HEAD
Already up to date.
[main f4b4131] Auto Backup 2026-08-06 12:00:02
 Committer: Ubuntu <ubuntu@ip-172-31-37-208.ap-south-1.compute.internal>
Your name and email address were configured automatically based
on your username and hostname. Please check that they are accurate.
You can suppress this message by setting them explicitly:

    git config --global user.name "Your Name"
    git config --global user.email you@example.com

After doing this, you may fix the identity used for this commit with:

    git commit --amend --reset-author

 1 file changed, 19 insertions(+)
To https://github.com/devgoswami2001/ch.git
   bd752f6..f4b4131  main -> main
From https://github.com/devgoswami2001/ch
 * branch            main       -> FETCH_HEAD
Already up to date.
[main 84ac9ba] Auto Backup 2026-08-07 00:00:02
 Committer: Ubuntu <ubuntu@ip-172-31-37-208.ap-south-1.compute.internal>
Your name and email address were configured automatically based
on your username and hostname. Please check that they are accurate.
You can suppress this message by setting them explicitly:

    git config --global user.name "Your Name"
    git config --global user.email you@example.com

After doing this, you may fix the identity used for this commit with:

    git commit --amend --reset-author

 1 file changed, 19 insertions(+)
To https://github.com/devgoswami2001/ch.git
   f4b4131..84ac9ba  main -> main
From https://github.com/devgoswami2001/ch
 * branch            main       -> FETCH_HEAD
Already up to date.
[main b3d9287] Auto Backup 2026-08-07 12:00:02
 Committer: Ubuntu <ubuntu@ip-172-31-37-208.ap-south-1.compute.internal>
Your name and email address were configured automatically based
on your username and hostname. Please check that they are accurate.
You can suppress this message by setting them explicitly:

    git config --global user.name "Your Name"
    git config --global user.email you@example.com

After doing this, you may fix the identity used for this commit with:

    git commit --amend --reset-author

 1 file changed, 19 insertions(+)
To https://github.com/devgoswami2001/ch.git
   84ac9ba..b3d9287  main -> main
From https://github.com/devgoswami2001/ch
 * branch            main       -> FETCH_HEAD
Already up to date.
[main da060d6] Auto Backup 2026-08-08 00:00:02
 Committer: Ubuntu <ubuntu@ip-172-31-37-208.ap-south-1.compute.internal>
Your name and email address were configured automatically based
on your username and hostname. Please check that they are accurate.
You can suppress this message by setting them explicitly:

    git config --global user.name "Your Name"
    git config --global user.email you@example.com

After doing this, you may fix the identity used for this commit with:

    git commit --amend --reset-author

 1 file changed, 19 insertions(+)
To https://github.com/devgoswami2001/ch.git
   b3d9287..da060d6  main -> main
From https://github.com/devgoswami2001/ch
 * branch            main       -> FETCH_HEAD
Already up to date.
[main 9a80532] Auto Backup 2026-08-08 12:00:02
 Committer: Ubuntu <ubuntu@ip-172-31-37-208.ap-south-1.compute.internal>
Your name and email address were configured automatically based
on your username and hostname. Please check that they are accurate.
You can suppress this message by setting them explicitly:

    git config --global user.name "Your Name"
    git config --global user.email you@example.com

After doing this, you may fix the identity used for this commit with:

    git commit --amend --reset-author

 1 file changed, 19 insertions(+)
To https://github.com/devgoswami2001/ch.git
   da060d6..9a80532  main -> main
From https://github.com/devgoswami2001/ch
 * branch            main       -> FETCH_HEAD
Already up to date.
[main 7577726] Auto Backup 2026-08-09 00:00:02
 Committer: Ubuntu <ubuntu@ip-172-31-37-208.ap-south-1.compute.internal>
Your name and email address were configured automatically based
on your username and hostname. Please check that they are accurate.
You can suppress this message by setting them explicitly:

    git config --global user.name "Your Name"
    git config --global user.email you@example.com

After doing this, you may fix the identity used for this commit with:

    git commit --amend --reset-author

 1 file changed, 19 insertions(+)
To https://github.com/devgoswami2001/ch.git
   9a80532..7577726  main -> main
From https://github.com/devgoswami2001/ch
 * branch            main       -> FETCH_HEAD
Already up to date.
[main 54fc8cc] Auto Backup 2026-08-09 12:00:02
 Committer: Ubuntu <ubuntu@ip-172-31-37-208.ap-south-1.compute.internal>
Your name and email address were configured automatically based
on your username and hostname. Please check that they are accurate.
You can suppress this message by setting them explicitly:

    git config --global user.name "Your Name"
    git config --global user.email you@example.com

After doing this, you may fix the identity used for this commit with:

    git commit --amend --reset-author

 2 files changed, 19 insertions(+)
To https://github.com/devgoswami2001/ch.git
   7577726..54fc8cc  main -> main
From https://github.com/devgoswami2001/ch
 * branch            main       -> FETCH_HEAD
Already up to date.
[main db36578] Auto Backup 2026-08-10 00:00:02
 Committer: Ubuntu <ubuntu@ip-172-31-37-208.ap-south-1.compute.internal>
Your name and email address were configured automatically based
on your username and hostname. Please check that they are accurate.
You can suppress this message by setting them explicitly:

    git config --global user.name "Your Name"
    git config --global user.email you@example.com

After doing this, you may fix the identity used for this commit with:

    git commit --amend --reset-author

 1 file changed, 19 insertions(+)
To https://github.com/devgoswami2001/ch.git
   54fc8cc..db36578  main -> main
From https://github.com/devgoswami2001/ch
 * branch            main       -> FETCH_HEAD
Already up to date.
[main 0ccea1c] Auto Backup 2026-08-10 12:00:02
 Committer: Ubuntu <ubuntu@ip-172-31-37-208.ap-south-1.compute.internal>
Your name and email address were configured automatically based
on your username and hostname. Please check that they are accurate.
You can suppress this message by setting them explicitly:

    git config --global user.name "Your Name"
    git config --global user.email you@example.com

After doing this, you may fix the identity used for this commit with:

    git commit --amend --reset-author

 1 file changed, 19 insertions(+)
To https://github.com/devgoswami2001/ch.git
   db36578..0ccea1c  main -> main
From https://github.com/devgoswami2001/ch
 * branch            main       -> FETCH_HEAD
Already up to date.
[main 1b8c1ba] Auto Backup 2026-08-11 00:00:02
 Committer: Ubuntu <ubuntu@ip-172-31-37-208.ap-south-1.compute.internal>
Your name and email address were configured automatically based
on your username and hostname. Please check that they are accurate.
You can suppress this message by setting them explicitly:

    git config --global user.name "Your Name"
    git config --global user.email you@example.com

After doing this, you may fix the identity used for this commit with:

    git commit --amend --reset-author

 1 file changed, 19 insertions(+)
To https://github.com/devgoswami2001/ch.git
   0ccea1c..1b8c1ba  main -> main
From https://github.com/devgoswami2001/ch
 * branch            main       -> FETCH_HEAD
Already up to date.
[main bfa5c70] Auto Backup 2026-08-11 12:00:03
 Committer: Ubuntu <ubuntu@ip-172-31-37-208.ap-south-1.compute.internal>
Your name and email address were configured automatically based
on your username and hostname. Please check that they are accurate.
You can suppress this message by setting them explicitly:

    git config --global user.name "Your Name"
    git config --global user.email you@example.com

After doing this, you may fix the identity used for this commit with:

    git commit --amend --reset-author

 1 file changed, 19 insertions(+)
To https://github.com/devgoswami2001/ch.git
   1b8c1ba..bfa5c70  main -> main
From https://github.com/devgoswami2001/ch
 * branch            main       -> FETCH_HEAD
Already up to date.
[main d734370] Auto Backup 2026-08-12 00:00:02
 Committer: Ubuntu <ubuntu@ip-172-31-37-208.ap-south-1.compute.internal>
Your name and email address were configured automatically based
on your username and hostname. Please check that they are accurate.
You can suppress this message by setting them explicitly:

    git config --global user.name "Your Name"
    git config --global user.email you@example.com

After doing this, you may fix the identity used for this commit with:

    git commit --amend --reset-author

 1 file changed, 19 insertions(+)
To https://github.com/devgoswami2001/ch.git
   bfa5c70..d734370  main -> main
From https://github.com/devgoswami2001/ch
 * branch            main       -> FETCH_HEAD
Already up to date.
[main baa7f52] Auto Backup 2026-08-12 12:00:02
 Committer: Ubuntu <ubuntu@ip-172-31-37-208.ap-south-1.compute.internal>
Your name and email address were configured automatically based
on your username and hostname. Please check that they are accurate.
You can suppress this message by setting them explicitly:

    git config --global user.name "Your Name"
    git config --global user.email you@example.com

After doing this, you may fix the identity used for this commit with:

    git commit --amend --reset-author

 1 file changed, 19 insertions(+)
To https://github.com/devgoswami2001/ch.git
   d734370..baa7f52  main -> main
From https://github.com/devgoswami2001/ch
 * branch            main       -> FETCH_HEAD
Already up to date.
[main 3577b44] Auto Backup 2026-08-13 00:00:02
 Committer: Ubuntu <ubuntu@ip-172-31-37-208.ap-south-1.compute.internal>
Your name and email address were configured automatically based
on your username and hostname. Please check that they are accurate.
You can suppress this message by setting them explicitly:

    git config --global user.name "Your Name"
    git config --global user.email you@example.com

After doing this, you may fix the identity used for this commit with:

    git commit --amend --reset-author

 1 file changed, 19 insertions(+)
To https://github.com/devgoswami2001/ch.git
   baa7f52..3577b44  main -> main
From https://github.com/devgoswami2001/ch
 * branch            main       -> FETCH_HEAD
Already up to date.
[main a0f563c] Auto Backup 2026-08-13 12:00:02
 Committer: Ubuntu <ubuntu@ip-172-31-37-208.ap-south-1.compute.internal>
Your name and email address were configured automatically based
on your username and hostname. Please check that they are accurate.
You can suppress this message by setting them explicitly:

    git config --global user.name "Your Name"
    git config --global user.email you@example.com

After doing this, you may fix the identity used for this commit with:

    git commit --amend --reset-author

 1 file changed, 19 insertions(+)
To https://github.com/devgoswami2001/ch.git
   3577b44..a0f563c  main -> main
From https://github.com/devgoswami2001/ch
 * branch            main       -> FETCH_HEAD
Already up to date.
[main 8463196] Auto Backup 2026-08-14 00:00:02
 Committer: Ubuntu <ubuntu@ip-172-31-37-208.ap-south-1.compute.internal>
Your name and email address were configured automatically based
on your username and hostname. Please check that they are accurate.
You can suppress this message by setting them explicitly:

    git config --global user.name "Your Name"
    git config --global user.email you@example.com

After doing this, you may fix the identity used for this commit with:

    git commit --amend --reset-author

 1 file changed, 19 insertions(+)
To https://github.com/devgoswami2001/ch.git
   a0f563c..8463196  main -> main
From https://github.com/devgoswami2001/ch
 * branch            main       -> FETCH_HEAD
Already up to date.
[main 771c823] Auto Backup 2026-08-14 12:00:02
 Committer: Ubuntu <ubuntu@ip-172-31-37-208.ap-south-1.compute.internal>
Your name and email address were configured automatically based
on your username and hostname. Please check that they are accurate.
You can suppress this message by setting them explicitly:

    git config --global user.name "Your Name"
    git config --global user.email you@example.com

After doing this, you may fix the identity used for this commit with:

    git commit --amend --reset-author

 1 file changed, 19 insertions(+)
To https://github.com/devgoswami2001/ch.git
   8463196..771c823  main -> main
From https://github.com/devgoswami2001/ch
 * branch            main       -> FETCH_HEAD
Already up to date.
[main 82d5c62] Auto Backup 2026-08-15 00:00:02
 Committer: Ubuntu <ubuntu@ip-172-31-37-208.ap-south-1.compute.internal>
Your name and email address were configured automatically based
on your username and hostname. Please check that they are accurate.
You can suppress this message by setting them explicitly:

    git config --global user.name "Your Name"
    git config --global user.email you@example.com

After doing this, you may fix the identity used for this commit with:

    git commit --amend --reset-author

 1 file changed, 19 insertions(+)
To https://github.com/devgoswami2001/ch.git
   771c823..82d5c62  main -> main
From https://github.com/devgoswami2001/ch
 * branch            main       -> FETCH_HEAD
Already up to date.
[main c995e22] Auto Backup 2026-08-15 12:00:02
 Committer: Ubuntu <ubuntu@ip-172-31-37-208.ap-south-1.compute.internal>
Your name and email address were configured automatically based
on your username and hostname. Please check that they are accurate.
You can suppress this message by setting them explicitly:

    git config --global user.name "Your Name"
    git config --global user.email you@example.com

After doing this, you may fix the identity used for this commit with:

    git commit --amend --reset-author

 1 file changed, 19 insertions(+)
To https://github.com/devgoswami2001/ch.git
   82d5c62..c995e22  main -> main
From https://github.com/devgoswami2001/ch
 * branch            main       -> FETCH_HEAD
Already up to date.
[main 4977b7e] Auto Backup 2026-08-16 00:00:03
 Committer: Ubuntu <ubuntu@ip-172-31-37-208.ap-south-1.compute.internal>
Your name and email address were configured automatically based
on your username and hostname. Please check that they are accurate.
You can suppress this message by setting them explicitly:

    git config --global user.name "Your Name"
    git config --global user.email you@example.com

After doing this, you may fix the identity used for this commit with:

    git commit --amend --reset-author

 1 file changed, 19 insertions(+)
To https://github.com/devgoswami2001/ch.git
   c995e22..4977b7e  main -> main
From https://github.com/devgoswami2001/ch
 * branch            main       -> FETCH_HEAD
Already up to date.
[main e508ccf] Auto Backup 2026-08-16 12:00:02
 Committer: Ubuntu <ubuntu@ip-172-31-37-208.ap-south-1.compute.internal>
Your name and email address were configured automatically based
on your username and hostname. Please check that they are accurate.
You can suppress this message by setting them explicitly:

    git config --global user.name "Your Name"
    git config --global user.email you@example.com

After doing this, you may fix the identity used for this commit with:

    git commit --amend --reset-author

 1 file changed, 19 insertions(+)
To https://github.com/devgoswami2001/ch.git
   4977b7e..e508ccf  main -> main
From https://github.com/devgoswami2001/ch
 * branch            main       -> FETCH_HEAD
Already up to date.
[main f5b36e6] Auto Backup 2026-08-17 00:00:02
 Committer: Ubuntu <ubuntu@ip-172-31-37-208.ap-south-1.compute.internal>
Your name and email address were configured automatically based
on your username and hostname. Please check that they are accurate.
You can suppress this message by setting them explicitly:

    git config --global user.name "Your Name"
    git config --global user.email you@example.com

After doing this, you may fix the identity used for this commit with:

    git commit --amend --reset-author

 1 file changed, 19 insertions(+)
To https://github.com/devgoswami2001/ch.git
   e508ccf..f5b36e6  main -> main
From https://github.com/devgoswami2001/ch
 * branch            main       -> FETCH_HEAD
Already up to date.
[main 04561e5] Auto Backup 2026-08-17 12:00:02
 Committer: Ubuntu <ubuntu@ip-172-31-37-208.ap-south-1.compute.internal>
Your name and email address were configured automatically based
on your username and hostname. Please check that they are accurate.
You can suppress this message by setting them explicitly:

    git config --global user.name "Your Name"
    git config --global user.email you@example.com

After doing this, you may fix the identity used for this commit with:

    git commit --amend --reset-author

 1 file changed, 19 insertions(+)
To https://github.com/devgoswami2001/ch.git
   f5b36e6..04561e5  main -> main
From https://github.com/devgoswami2001/ch
 * branch            main       -> FETCH_HEAD
Already up to date.
[main 185fbfb] Auto Backup 2026-08-18 00:00:02
 Committer: Ubuntu <ubuntu@ip-172-31-37-208.ap-south-1.compute.internal>
Your name and email address were configured automatically based
on your username and hostname. Please check that they are accurate.
You can suppress this message by setting them explicitly:

    git config --global user.name "Your Name"
    git config --global user.email you@example.com

After doing this, you may fix the identity used for this commit with:

    git commit --amend --reset-author

 1 file changed, 19 insertions(+)
To https://github.com/devgoswami2001/ch.git
   04561e5..185fbfb  main -> main
From https://github.com/devgoswami2001/ch
 * branch            main       -> FETCH_HEAD
Already up to date.
[main 60f60b8] Auto Backup 2026-08-18 12:00:02
 Committer: Ubuntu <ubuntu@ip-172-31-37-208.ap-south-1.compute.internal>
Your name and email address were configured automatically based
on your username and hostname. Please check that they are accurate.
You can suppress this message by setting them explicitly:

    git config --global user.name "Your Name"
    git config --global user.email you@example.com

After doing this, you may fix the identity used for this commit with:

    git commit --amend --reset-author

 1 file changed, 19 insertions(+)
To https://github.com/devgoswami2001/ch.git
   185fbfb..60f60b8  main -> main
From https://github.com/devgoswami2001/ch
 * branch            main       -> FETCH_HEAD
Already up to date.
[main e100c5a] Auto Backup 2026-08-19 00:00:02
 Committer: Ubuntu <ubuntu@ip-172-31-37-208.ap-south-1.compute.internal>
Your name and email address were configured automatically based
on your username and hostname. Please check that they are accurate.
You can suppress this message by setting them explicitly:

    git config --global user.name "Your Name"
    git config --global user.email you@example.com

After doing this, you may fix the identity used for this commit with:

    git commit --amend --reset-author

 1 file changed, 19 insertions(+)
To https://github.com/devgoswami2001/ch.git
   60f60b8..e100c5a  main -> main
From https://github.com/devgoswami2001/ch
 * branch            main       -> FETCH_HEAD
Already up to date.
[main 8dd64e8] Auto Backup 2026-08-19 12:00:02
 Committer: Ubuntu <ubuntu@ip-172-31-37-208.ap-south-1.compute.internal>
Your name and email address were configured automatically based
on your username and hostname. Please check that they are accurate.
You can suppress this message by setting them explicitly:

    git config --global user.name "Your Name"
    git config --global user.email you@example.com

After doing this, you may fix the identity used for this commit with:

    git commit --amend --reset-author

 1 file changed, 19 insertions(+)
To https://github.com/devgoswami2001/ch.git
   e100c5a..8dd64e8  main -> main
From https://github.com/devgoswami2001/ch
 * branch            main       -> FETCH_HEAD
Already up to date.
[main 246bc41] Auto Backup 2026-08-20 00:00:03
 Committer: Ubuntu <ubuntu@ip-172-31-37-208.ap-south-1.compute.internal>
Your name and email address were configured automatically based
on your username and hostname. Please check that they are accurate.
You can suppress this message by setting them explicitly:

    git config --global user.name "Your Name"
    git config --global user.email you@example.com

After doing this, you may fix the identity used for this commit with:

    git commit --amend --reset-author

 1 file changed, 19 insertions(+)
To https://github.com/devgoswami2001/ch.git
   8dd64e8..246bc41  main -> main
From https://github.com/devgoswami2001/ch
 * branch            main       -> FETCH_HEAD
Already up to date.
[main c341aab] Auto Backup 2026-08-20 12:00:02
 Committer: Ubuntu <ubuntu@ip-172-31-37-208.ap-south-1.compute.internal>
Your name and email address were configured automatically based
on your username and hostname. Please check that they are accurate.
You can suppress this message by setting them explicitly:

    git config --global user.name "Your Name"
    git config --global user.email you@example.com

After doing this, you may fix the identity used for this commit with:

    git commit --amend --reset-author

 1 file changed, 19 insertions(+)
To https://github.com/devgoswami2001/ch.git
   246bc41..c341aab  main -> main
From https://github.com/devgoswami2001/ch
 * branch            main       -> FETCH_HEAD
Already up to date.
[main 1fcef20] Auto Backup 2026-08-21 00:00:02
 Committer: Ubuntu <ubuntu@ip-172-31-37-208.ap-south-1.compute.internal>
Your name and email address were configured automatically based
on your username and hostname. Please check that they are accurate.
You can suppress this message by setting them explicitly:

    git config --global user.name "Your Name"
    git config --global user.email you@example.com

After doing this, you may fix the identity used for this commit with:

    git commit --amend --reset-author

 1 file changed, 19 insertions(+)
To https://github.com/devgoswami2001/ch.git
   c341aab..1fcef20  main -> main
From https://github.com/devgoswami2001/ch
 * branch            main       -> FETCH_HEAD
Already up to date.
[main 5c66164] Auto Backup 2026-08-21 12:00:03
 Committer: Ubuntu <ubuntu@ip-172-31-37-208.ap-south-1.compute.internal>
Your name and email address were configured automatically based
on your username and hostname. Please check that they are accurate.
You can suppress this message by setting them explicitly:

    git config --global user.name "Your Name"
    git config --global user.email you@example.com

After doing this, you may fix the identity used for this commit with:

    git commit --amend --reset-author

 1 file changed, 19 insertions(+)
To https://github.com/devgoswami2001/ch.git
   1fcef20..5c66164  main -> main
From https://github.com/devgoswami2001/ch
 * branch            main       -> FETCH_HEAD
Already up to date.
[main b945303] Auto Backup 2026-08-22 00:00:02
 Committer: Ubuntu <ubuntu@ip-172-31-37-208.ap-south-1.compute.internal>
Your name and email address were configured automatically based
on your username and hostname. Please check that they are accurate.
You can suppress this message by setting them explicitly:

    git config --global user.name "Your Name"
    git config --global user.email you@example.com

After doing this, you may fix the identity used for this commit with:

    git commit --amend --reset-author

 1 file changed, 19 insertions(+)
To https://github.com/devgoswami2001/ch.git
   5c66164..b945303  main -> main
From https://github.com/devgoswami2001/ch
 * branch            main       -> FETCH_HEAD
Already up to date.
[main 7601629] Auto Backup 2026-08-22 12:00:02
 Committer: Ubuntu <ubuntu@ip-172-31-37-208.ap-south-1.compute.internal>
Your name and email address were configured automatically based
on your username and hostname. Please check that they are accurate.
You can suppress this message by setting them explicitly:

    git config --global user.name "Your Name"
    git config --global user.email you@example.com

After doing this, you may fix the identity used for this commit with:

    git commit --amend --reset-author

 1 file changed, 19 insertions(+)
To https://github.com/devgoswami2001/ch.git
   b945303..7601629  main -> main
From https://github.com/devgoswami2001/ch
 * branch            main       -> FETCH_HEAD
Already up to date.
[main aa0ca9f] Auto Backup 2026-08-23 00:00:03
 Committer: Ubuntu <ubuntu@ip-172-31-37-208.ap-south-1.compute.internal>
Your name and email address were configured automatically based
on your username and hostname. Please check that they are accurate.
You can suppress this message by setting them explicitly:

    git config --global user.name "Your Name"
    git config --global user.email you@example.com

After doing this, you may fix the identity used for this commit with:

    git commit --amend --reset-author

 1 file changed, 19 insertions(+)
To https://github.com/devgoswami2001/ch.git
   7601629..aa0ca9f  main -> main
From https://github.com/devgoswami2001/ch
 * branch            main       -> FETCH_HEAD
Already up to date.
[main 0115a04] Auto Backup 2026-08-23 12:00:02
 Committer: Ubuntu <ubuntu@ip-172-31-37-208.ap-south-1.compute.internal>
Your name and email address were configured automatically based
on your username and hostname. Please check that they are accurate.
You can suppress this message by setting them explicitly:

    git config --global user.name "Your Name"
    git config --global user.email you@example.com

After doing this, you may fix the identity used for this commit with:

    git commit --amend --reset-author

 1 file changed, 19 insertions(+)
To https://github.com/devgoswami2001/ch.git
   aa0ca9f..0115a04  main -> main
From https://github.com/devgoswami2001/ch
 * branch            main       -> FETCH_HEAD
Already up to date.
[main 6f1244a] Auto Backup 2026-08-24 00:00:02
 Committer: Ubuntu <ubuntu@ip-172-31-37-208.ap-south-1.compute.internal>
Your name and email address were configured automatically based
on your username and hostname. Please check that they are accurate.
You can suppress this message by setting them explicitly:

    git config --global user.name "Your Name"
    git config --global user.email you@example.com

After doing this, you may fix the identity used for this commit with:

    git commit --amend --reset-author

 1 file changed, 19 insertions(+)
To https://github.com/devgoswami2001/ch.git
   0115a04..6f1244a  main -> main
From https://github.com/devgoswami2001/ch
 * branch            main       -> FETCH_HEAD
Already up to date.
[main 2359c33] Auto Backup 2026-08-24 12:00:02
 Committer: Ubuntu <ubuntu@ip-172-31-37-208.ap-south-1.compute.internal>
Your name and email address were configured automatically based
on your username and hostname. Please check that they are accurate.
You can suppress this message by setting them explicitly:

    git config --global user.name "Your Name"
    git config --global user.email you@example.com

After doing this, you may fix the identity used for this commit with:

    git commit --amend --reset-author

 2 files changed, 19 insertions(+)
To https://github.com/devgoswami2001/ch.git
   6f1244a..2359c33  main -> main
From https://github.com/devgoswami2001/ch
 * branch            main       -> FETCH_HEAD
Already up to date.
[main 2cc93f6] Auto Backup 2026-08-25 00:00:03
 Committer: Ubuntu <ubuntu@ip-172-31-37-208.ap-south-1.compute.internal>
Your name and email address were configured automatically based
on your username and hostname. Please check that they are accurate.
You can suppress this message by setting them explicitly:

    git config --global user.name "Your Name"
    git config --global user.email you@example.com

After doing this, you may fix the identity used for this commit with:

    git commit --amend --reset-author

 2 files changed, 19 insertions(+)
To https://github.com/devgoswami2001/ch.git
   2359c33..2cc93f6  main -> main
From https://github.com/devgoswami2001/ch
 * branch            main       -> FETCH_HEAD
Already up to date.
[main a929029] Auto Backup 2026-08-25 12:00:02
 Committer: Ubuntu <ubuntu@ip-172-31-37-208.ap-south-1.compute.internal>
Your name and email address were configured automatically based
on your username and hostname. Please check that they are accurate.
You can suppress this message by setting them explicitly:

    git config --global user.name "Your Name"
    git config --global user.email you@example.com

After doing this, you may fix the identity used for this commit with:

    git commit --amend --reset-author

 1 file changed, 19 insertions(+)
To https://github.com/devgoswami2001/ch.git
   2cc93f6..a929029  main -> main
From https://github.com/devgoswami2001/ch
 * branch            main       -> FETCH_HEAD
Already up to date.
[main 039a02d] Auto Backup 2026-08-26 00:00:02
 Committer: Ubuntu <ubuntu@ip-172-31-37-208.ap-south-1.compute.internal>
Your name and email address were configured automatically based
on your username and hostname. Please check that they are accurate.
You can suppress this message by setting them explicitly:

    git config --global user.name "Your Name"
    git config --global user.email you@example.com

After doing this, you may fix the identity used for this commit with:

    git commit --amend --reset-author

 1 file changed, 19 insertions(+)
To https://github.com/devgoswami2001/ch.git
   a929029..039a02d  main -> main
From https://github.com/devgoswami2001/ch
 * branch            main       -> FETCH_HEAD
Already up to date.
[main 6c680b1] Auto Backup 2026-08-26 12:00:03
 Committer: Ubuntu <ubuntu@ip-172-31-37-208.ap-south-1.compute.internal>
Your name and email address were configured automatically based
on your username and hostname. Please check that they are accurate.
You can suppress this message by setting them explicitly:

    git config --global user.name "Your Name"
    git config --global user.email you@example.com

After doing this, you may fix the identity used for this commit with:

    git commit --amend --reset-author

 1 file changed, 19 insertions(+)
To https://github.com/devgoswami2001/ch.git
   039a02d..6c680b1  main -> main
From https://github.com/devgoswami2001/ch
 * branch            main       -> FETCH_HEAD
Already up to date.
[main 1a62cfb] Auto Backup 2026-08-27 00:00:03
 Committer: Ubuntu <ubuntu@ip-172-31-37-208.ap-south-1.compute.internal>
Your name and email address were configured automatically based
on your username and hostname. Please check that they are accurate.
You can suppress this message by setting them explicitly:

    git config --global user.name "Your Name"
    git config --global user.email you@example.com

After doing this, you may fix the identity used for this commit with:

    git commit --amend --reset-author

 1 file changed, 19 insertions(+)
To https://github.com/devgoswami2001/ch.git
   6c680b1..1a62cfb  main -> main
From https://github.com/devgoswami2001/ch
 * branch            main       -> FETCH_HEAD
Already up to date.
[main 952d80e] Auto Backup 2026-08-27 12:00:03
 Committer: Ubuntu <ubuntu@ip-172-31-37-208.ap-south-1.compute.internal>
Your name and email address were configured automatically based
on your username and hostname. Please check that they are accurate.
You can suppress this message by setting them explicitly:

    git config --global user.name "Your Name"
    git config --global user.email you@example.com

After doing this, you may fix the identity used for this commit with:

    git commit --amend --reset-author

 1 file changed, 19 insertions(+)
To https://github.com/devgoswami2001/ch.git
   1a62cfb..952d80e  main -> main
From https://github.com/devgoswami2001/ch
 * branch            main       -> FETCH_HEAD
Already up to date.
[main 638a6f8] Auto Backup 2026-08-28 00:00:03
 Committer: Ubuntu <ubuntu@ip-172-31-37-208.ap-south-1.compute.internal>
Your name and email address were configured automatically based
on your username and hostname. Please check that they are accurate.
You can suppress this message by setting them explicitly:

    git config --global user.name "Your Name"
    git config --global user.email you@example.com

After doing this, you may fix the identity used for this commit with:

    git commit --amend --reset-author

 1 file changed, 19 insertions(+)
To https://github.com/devgoswami2001/ch.git
   952d80e..638a6f8  main -> main
From https://github.com/devgoswami2001/ch
 * branch            main       -> FETCH_HEAD
Already up to date.
[main c6ec5eb] Auto Backup 2026-08-28 12:00:03
 Committer: Ubuntu <ubuntu@ip-172-31-37-208.ap-south-1.compute.internal>
Your name and email address were configured automatically based
on your username and hostname. Please check that they are accurate.
You can suppress this message by setting them explicitly:

    git config --global user.name "Your Name"
    git config --global user.email you@example.com

After doing this, you may fix the identity used for this commit with:

    git commit --amend --reset-author

 1 file changed, 19 insertions(+)
To https://github.com/devgoswami2001/ch.git
   638a6f8..c6ec5eb  main -> main
From https://github.com/devgoswami2001/ch
 * branch            main       -> FETCH_HEAD
Already up to date.
[main b41279d] Auto Backup 2026-08-29 00:00:02
 Committer: Ubuntu <ubuntu@ip-172-31-37-208.ap-south-1.compute.internal>
Your name and email address were configured automatically based
on your username and hostname. Please check that they are accurate.
You can suppress this message by setting them explicitly:

    git config --global user.name "Your Name"
    git config --global user.email you@example.com

After doing this, you may fix the identity used for this commit with:

    git commit --amend --reset-author

 1 file changed, 19 insertions(+)
To https://github.com/devgoswami2001/ch.git
   c6ec5eb..b41279d  main -> main
From https://github.com/devgoswami2001/ch
 * branch            main       -> FETCH_HEAD
Already up to date.
[main 43d97c4] Auto Backup 2026-08-29 12:00:02
 Committer: Ubuntu <ubuntu@ip-172-31-37-208.ap-south-1.compute.internal>
Your name and email address were configured automatically based
on your username and hostname. Please check that they are accurate.
You can suppress this message by setting them explicitly:

    git config --global user.name "Your Name"
    git config --global user.email you@example.com

After doing this, you may fix the identity used for this commit with:

    git commit --amend --reset-author

 1 file changed, 19 insertions(+)
To https://github.com/devgoswami2001/ch.git
   b41279d..43d97c4  main -> main
From https://github.com/devgoswami2001/ch
 * branch            main       -> FETCH_HEAD
Already up to date.
[main 34c7a71] Auto Backup 2026-08-30 00:00:03
 Committer: Ubuntu <ubuntu@ip-172-31-37-208.ap-south-1.compute.internal>
Your name and email address were configured automatically based
on your username and hostname. Please check that they are accurate.
You can suppress this message by setting them explicitly:

    git config --global user.name "Your Name"
    git config --global user.email you@example.com

After doing this, you may fix the identity used for this commit with:

    git commit --amend --reset-author

 1 file changed, 19 insertions(+)
To https://github.com/devgoswami2001/ch.git
   43d97c4..34c7a71  main -> main
From https://github.com/devgoswami2001/ch
 * branch            main       -> FETCH_HEAD
Already up to date.
